2025-10-06 16:25:52.149 [main] INFO  s.t.TaskManagerApplication - Starting TaskManagerApplication using Java 22.0.2 with PID 1504 (C:\Users\Admin\Desktop\Java_Project\taskmanager\target\classes started by Admin in C:\Users\Admin\Desktop\Java_Project\taskmanager)
2025-10-06 16:25:52.155 [main] INFO  s.t.TaskManagerApplication - No active profile set, falling back to 1 default profile: "default"
2025-10-06 16:25:54.607 [main] INFO  o.s.d.r.c.RepositoryConfigurationDelegate - Bootstrapping Spring Data JDBC repositories in DEFAULT mode.
2025-10-06 16:25:54.682 [main] INFO  o.s.d.r.c.RepositoryConfigurationDelegate - Finished Spring Data repository scanning in 55 ms. Found 0 JDBC repository interfaces.
2025-10-06 16:25:56.019 [main] INFO  o.s.b.w.e.tomcat.TomcatWebServer - Tomcat initialized with port 8080 (http)
2025-10-06 16:25:56.073 [main] INFO  o.a.coyote.http11.Http11NioProtocol - Initializing ProtocolHandler ["http-nio-8080"]
2025-10-06 16:25:56.079 [main] INFO  o.a.catalina.core.StandardService - Starting service [Tomcat]
2025-10-06 16:25:56.080 [main] INFO  o.a.catalina.core.StandardEngine - Starting Servlet engine: [Apache Tomcat/10.1.44]
2025-10-06 16:25:56.205 [main] INFO  o.a.c.c.C.[Tomcat].[localhost].[/] - Initializing Spring embedded WebApplicationContext
2025-10-06 16:25:56.207 [main] INFO  o.s.b.w.s.c.ServletWebServerApplicationContext - Root WebApplicationContext: initialization completed in 3896 ms
2025-10-06 16:25:57.019 [main] INFO  com.zaxxer.hikari.HikariDataSource - HikariPool-1 - Starting...
2025-10-06 16:25:57.573 [main] INFO  com.zaxxer.hikari.pool.HikariPool - HikariPool-1 - Added connection org.postgresql.jdbc.PgConnection@b2c4a8b
2025-10-06 16:25:57.577 [main] INFO  com.zaxxer.hikari.HikariDataSource - HikariPool-1 - Start completed.
2025-10-06 16:25:57.679 [main] INFO  org.flywaydb.core.FlywayExecutor - Database: jdbc:postgresql://localhost:5432/TaskManager (PostgreSQL 17.2)
2025-10-06 16:25:57.869 [main] INFO  o.f.c.internal.command.DbValidate - Successfully validated 2 migrations (execution time 00:00.118s)
2025-10-06 16:25:57.963 [main] INFO  o.f.core.internal.command.DbMigrate - Current version of schema "taskmanager": 1
2025-10-06 16:25:57.971 [main] INFO  o.f.core.internal.command.DbMigrate - Schema "taskmanager" is up to date. No migration necessary.
2025-10-06 16:26:00.256 [main] INFO  o.a.coyote.http11.Http11NioProtocol - Starting ProtocolHandler ["http-nio-8080"]
2025-10-06 16:26:00.309 [main] INFO  o.s.b.w.e.tomcat.TomcatWebServer - Tomcat started on port 8080 (http) with context path '/'
2025-10-06 16:26:00.343 [main] INFO  s.t.TaskManagerApplication - Started TaskManagerApplication in 9.837 seconds (process running for 11.809)
2025-10-06 16:27:27.407 [SpringApplicationShutdownHook] INFO  o.s.b.w.e.tomcat.GracefulShutdown - Commencing graceful shutdown. Waiting for active requests to complete
2025-10-06 16:27:27.428 [tomcat-shutdown] INFO  o.s.b.w.e.tomcat.GracefulShutdown - Graceful shutdown complete
2025-10-06 16:27:27.437 [SpringApplicationShutdownHook] INFO  com.zaxxer.hikari.HikariDataSource - HikariPool-1 - Shutdown initiated...
2025-10-06 16:27:27.455 [SpringApplicationShutdownHook] INFO  com.zaxxer.hikari.HikariDataSource - HikariPool-1 - Shutdown completed.
